Функция: greeting_format
Время вызова: 2025-02-25 13:05:54
Аргументы: позиционные аргументы=('John',), ключевые аргументы={}
Возвращаемое значение: Hello, John!
Время завершения работы функции: 2025-02-25 13:05:54
Время работы функции: 0.002022 seconds
----------------------------------------
Функция: greeting_format
Время вызова: 2025-02-25 13:05:54
Аргументы: позиционные аргументы=('Alice',), ключевые аргументы={}
Возвращаемое значение: Hello, Alice!
Время завершения работы функции: 2025-02-25 13:05:54
Время работы функции: 0.000000 seconds
----------------------------------------
Функция: greeting_format
Время вызова: 2025-03-12 15:17:02
Аргументы: позиционные аргументы=('John',), ключевые аргументы={}
Возвращаемое значение: Hello, John!
Время завершения работы функции: 2025-03-12 15:17:02
Время работы функции: 0.000919 seconds
----------------------------------------
Функция: greeting_format
Время вызова: 2025-03-12 15:17:02
Аргументы: позиционные аргументы=('Alice',), ключевые аргументы={}
Возвращаемое значение: Hello, Alice!
Время завершения работы функции: 2025-03-12 15:17:02
Время работы функции: 0.000000 seconds
----------------------------------------
Функция: greeting_format
Время вызова: 2025-03-15 12:50:57
Аргументы: позиционные аргументы=('John',), ключевые аргументы={}
Возвращаемое значение: Hello, John!
Время завершения работы функции: 2025-03-15 12:50:57
Время работы функции: 0.045481 seconds
----------------------------------------
Функция: greeting_format
Время вызова: 2025-03-15 12:50:57
Аргументы: позиционные аргументы=('Alice',), ключевые аргументы={}
Возвращаемое значение: Hello, Alice!
Время завершения работы функции: 2025-03-15 12:50:57
Время работы функции: 0.001002 seconds
----------------------------------------
Функция: greeting_format
Время вызова: 2025-03-15 12:51:26
Аргументы: позиционные аргументы=('John',), ключевые аргументы={}
Возвращаемое значение: Hello, John!
Время завершения работы функции: 2025-03-15 12:51:26
Время работы функции: 0.000000 seconds
----------------------------------------
Функция: greeting_format
Время вызова: 2025-03-15 12:51:26
Аргументы: позиционные аргументы=('Alice',), ключевые аргументы={}
Возвращаемое значение: Hello, Alice!
Время завершения работы функции: 2025-03-15 12:51:26
Время работы функции: 0.001404 seconds
----------------------------------------
Функция: greeting_format
Время вызова: 2025-03-15 12:51:26
Аргументы: позиционные аргументы=('Bob',), ключевые аргументы={}
Возвращаемое значение: Hello, Bob!
Время завершения работы функции: 2025-03-15 12:51:26
Время работы функции: 0.001020 seconds
----------------------------------------
